Component: ARM Compiler 5.05 update 1 (build 106) Tool: armlink [4d0efa]

==============================================================================

Section Cross References

    main.o(.text) refers to stm32f10x_rcc.o(.text) for RCC_APB2PeriphClockCmd
    main.o(.text) refers to stm32f10x_gpio.o(.text) for GPIO_Init
    main.o(.text) refers to system_stm32f10x.o(.text) for SystemInit
    main.o(.text) refers to usart1.o(.text) for USART1_Config
    main.o(.text) refers to time.o(.text) for delay_init
    main.o(.text) refers to i2c.o(.text) for I2c_Init_MI
    main.o(.text) refers to esp8266.o(.text) for esp8266_ap_server_init
    main.o(.text) refers to time.o(.data) for TIM5CH1_CAPTURE_STA
    main.o(.text) refers to main.o(.bss) for juli
    main.o(.text) refers to main.o(.data) for temp
    main.o(.text) refers to usart1.o(.data) for state_0x0a
    main.o(.text) refers to esp8266.o(.data) for ESP_Responses
    main.o(.text) refers to usart1.o(.bss) for data_cu
    main.o(.text) refers to esp8266.o(.bss) for data_wifi
    main.o(.text) refers to printf1.o(i.__0sprintf$1) for __2sprintf
    system_stm32f10x.o(.text) refers to system_stm32f10x.o(.data) for SystemCoreClock
    usart1.o(.text) refers to stm32f10x_usart.o(.text) for USART_DeInit
    usart1.o(.text) refers to misc.o(.text) for NVIC_PriorityGroupConfig
    usart1.o(.text) refers to stm32f10x_rcc.o(.text) for RCC_APB2PeriphClockCmd
    usart1.o(.text) refers to stm32f10x_gpio.o(.text) for GPIO_Init
    usart1.o(.text) refers to printf1.o(i.__0sprintf$1) for __2sprintf
    usart1.o(.text) refers to usart1.o(.data) for data_transfer
    usart1.o(.text) refers to usart1.o(.bss) for USART_RX_buf
    usart1.o(.text) refers to strlen.o(.text) for strlen
    time.o(.text) refers to dfltui.o(.text) for __aeabi_ui2d
    time.o(.text) refers to ddiv.o(.text) for __aeabi_ddiv
    time.o(.text) refers to dfixui.o(.text) for __aeabi_d2uiz
    time.o(.text) refers to stm32f10x_rcc.o(.text) for RCC_APB2PeriphClockCmd
    time.o(.text) refers to stm32f10x_gpio.o(.text) for GPIO_Init
    time.o(.text) refers to stm32f10x_tim.o(.text) for TIM_TimeBaseInit
    time.o(.text) refers to misc.o(.text) for NVIC_Init
    time.o(.text) refers to time.o(.bss) for time
    time.o(.text) refers to system_stm32f10x.o(.data) for SystemCoreClock
    time.o(.text) refers to time.o(.data) for System_mTime
    myiic.o(.text) refers to stm32f10x_rcc.o(.text) for RCC_APB2PeriphClockCmd
    myiic.o(.text) refers to stm32f10x_gpio.o(.text) for GPIO_Init
    myiic.o(.text) refers to time.o(.text) for delay_us
    can1.o(.text) refers to stm32f10x_can.o(.text) for CAN_DeInit
    can1.o(.text) refers to misc.o(.text) for NVIC_PriorityGroupConfig
    can1.o(.text) refers to stm32f10x_gpio.o(.text) for GPIO_PinRemapConfig
    esp8266.o(.text) refers to usart1.o(.text) for USART_printf
    esp8266.o(.text) refers to time.o(.text) for delay_ms
    esp8266.o(.text) refers to esp8266.o(.data) for ATCommandsArray
    esp8266.o(.data) refers to esp8266.o(.conststring) for .conststring
    startup_stm32f10x_hd.o(RESET) refers to startup_stm32f10x_hd.o(STACK) for __initial_sp
    startup_stm32f10x_hd.o(RESET) refers to startup_stm32f10x_hd.o(.text) for Reset_Handler
    startup_stm32f10x_hd.o(RESET) refers to time.o(.text) for SysTick_Handler
    startup_stm32f10x_hd.o(RESET) refers to can1.o(.text) for USB_LP_CAN1_RX0_IRQHandler
    startup_stm32f10x_hd.o(RESET) refers to usart1.o(.text) for USART1_IRQHandler
    startup_stm32f10x_hd.o(.text) refers to system_stm32f10x.o(.text) for SystemInit
    startup_stm32f10x_hd.o(.text) refers to entry.o(.ARM.Collect$$$$00000000) for __main
    stm32f10x_gpio.o(.text) refers to stm32f10x_rcc.o(.text) for RCC_APB2PeriphResetCmd
    stm32f10x_rcc.o(.text) refers to stm32f10x_rcc.o(.data) for APBAHBPrescTable
    stm32f10x_spi.o(.text) refers to stm32f10x_rcc.o(.text) for RCC_APB2PeriphResetCmd
    stm32f10x_usart.o(.text) refers to stm32f10x_rcc.o(.text) for RCC_APB2PeriphResetCmd
    stm32f10x_tim.o(.text) refers to stm32f10x_rcc.o(.text) for RCC_APB2PeriphResetCmd
    stm32f10x_can.o(.text) refers to stm32f10x_rcc.o(.text) for RCC_APB1PeriphResetCmd
    i2c.o(.text) refers to stm32f10x_rcc.o(.text) for RCC_APB2PeriphClockCmd
    i2c.o(.text) refers to stm32f10x_gpio.o(.text) for GPIO_Init
    entry.o(.ARM.Collect$$$$00000000) refers (Special) to entry10a.o(.ARM.Collect$$$$0000000D) for __rt_final_cpp
    entry.o(.ARM.Collect$$$$00000000) refers (Special) to entry11a.o(.ARM.Collect$$$$0000000F) for __rt_final_exit
    entry.o(.ARM.Collect$$$$00000000) refers (Special) to entry7b.o(.ARM.Collect$$$$00000008) for _main_clock
    entry.o(.ARM.Collect$$$$00000000) refers (Special) to entry8b.o(.ARM.Collect$$$$0000000A) for _main_cpp_init
    entry.o(.ARM.Collect$$$$00000000) refers (Special) to entry9a.o(.ARM.Collect$$$$0000000B) for _main_init
    entry.o(.ARM.Collect$$$$00000000) refers (Special) to entry5.o(.ARM.Collect$$$$00000004) for _main_scatterload
    entry.o(.ARM.Collect$$$$00000000) refers (Special) to entry2.o(.ARM.Collect$$$$00000001) for _main_stk
    printfb.o(i.__0fprintf$bare) refers to printfb.o(i._printf_core) for _printf_core
    printfb.o(i.__0fprintf$bare) refers to usart1.o(.text) for fputc
    printfb.o(i.__0printf$bare) refers to printfb.o(i._printf_core) for _printf_core
    printfb.o(i.__0printf$bare) refers to usart1.o(.text) for fputc
    printfb.o(i.__0printf$bare) refers to stdout.o(.data) for __stdout
    printfb.o(i.__0snprintf$bare) refers to printfb.o(i._printf_core) for _printf_core
    printfb.o(i.__0snprintf$bare) refers to printfb.o(i._snputc) for _snputc
    printfb.o(i.__0sprintf$bare) refers to printfb.o(i._printf_core) for _printf_core
    printfb.o(i.__0sprintf$bare) refers to printfb.o(i._sputc) for _sputc
    printfb.o(i.__0vfprintf$bare) refers to printfb.o(i._printf_core) for _printf_core
    printfb.o(i.__0vfprintf$bare) refers to usart1.o(.text) for fputc
    printfb.o(i.__0vprintf$bare) refers to printfb.o(i._printf_core) for _printf_core
    printfb.o(i.__0vprintf$bare) refers to usart1.o(.text) for fputc
    printfb.o(i.__0vprintf$bare) refers to stdout.o(.data) for __stdout
    printfb.o(i.__0vsnprintf$bare) refers to printfb.o(i._printf_core) for _printf_core
    printfb.o(i.__0vsnprintf$bare) refers to printfb.o(i._snputc) for _snputc
    printfb.o(i.__0vsprintf$bare) refers to printfb.o(i._printf_core) for _printf_core
    printfb.o(i.__0vsprintf$bare) refers to printfb.o(i._sputc) for _sputc
    printf0.o(i.__0fprintf$0) refers to printf0.o(i._printf_core) for _printf_core
    printf0.o(i.__0fprintf$0) refers to usart1.o(.text) for fputc
    printf0.o(i.__0printf$0) refers to printf0.o(i._printf_core) for _printf_core
    printf0.o(i.__0printf$0) refers to usart1.o(.text) for fputc
    printf0.o(i.__0printf$0) refers to stdout.o(.data) for __stdout
    printf0.o(i.__0snprintf$0) refers to printf0.o(i._printf_core) for _printf_core
    printf0.o(i.__0snprintf$0) refers to printf0.o(i._snputc) for _snputc
    printf0.o(i.__0sprintf$0) refers to printf0.o(i._printf_core) for _printf_core
    printf0.o(i.__0sprintf$0) refers to printf0.o(i._sputc) for _sputc
    printf0.o(i.__0vfprintf$0) refers to printf0.o(i._printf_core) for _printf_core
    printf0.o(i.__0vfprintf$0) refers to usart1.o(.text) for fputc
    printf0.o(i.__0vprintf$0) refers to printf0.o(i._printf_core) for _printf_core
    printf0.o(i.__0vprintf$0) refers to usart1.o(.text) for fputc
    printf0.o(i.__0vprintf$0) refers to stdout.o(.data) for __stdout
    printf0.o(i.__0vsnprintf$0) refers to printf0.o(i._printf_core) for _printf_core
    printf0.o(i.__0vsnprintf$0) refers to printf0.o(i._snputc) for _snputc
    printf0.o(i.__0vsprintf$0) refers to printf0.o(i._printf_core) for _printf_core
    printf0.o(i.__0vsprintf$0) refers to printf0.o(i._sputc) for _sputc
    printf1.o(i.__0fprintf$1) refers to printf1.o(i._printf_core) for _printf_core
    printf1.o(i.__0fprintf$1) refers to usart1.o(.text) for fputc
    printf1.o(i.__0printf$1) refers to printf1.o(i._printf_core) for _printf_core
    printf1.o(i.__0printf$1) refers to usart1.o(.text) for fputc
    printf1.o(i.__0printf$1) refers to stdout.o(.data) for __stdout
    printf1.o(i.__0snprintf$1) refers to printf1.o(i._printf_core) for _printf_core
    printf1.o(i.__0snprintf$1) refers to printf1.o(i._snputc) for _snputc
    printf1.o(i.__0sprintf$1) refers to printf1.o(i._printf_core) for _printf_core
    printf1.o(i.__0sprintf$1) refers to printf1.o(i._sputc) for _sputc
    printf1.o(i.__0vfprintf$1) refers to printf1.o(i._printf_core) for _printf_core
    printf1.o(i.__0vfprintf$1) refers to usart1.o(.text) for fputc
    printf1.o(i.__0vprintf$1) refers to printf1.o(i._printf_core) for _printf_core
    printf1.o(i.__0vprintf$1) refers to usart1.o(.text) for fputc
    printf1.o(i.__0vprintf$1) refers to stdout.o(.data) for __stdout
    printf1.o(i.__0vsnprintf$1) refers to printf1.o(i._printf_core) for _printf_core
    printf1.o(i.__0vsnprintf$1) refers to printf1.o(i._snputc) for _snputc
    printf1.o(i.__0vsprintf$1) refers to printf1.o(i._printf_core) for _printf_core
    printf1.o(i.__0vsprintf$1) refers to printf1.o(i._sputc) for _sputc
    printf1.o(i._printf_core) refers to uidiv.o(.text) for __aeabi_uidivmod
    printf2.o(i.__0fprintf$2) refers to printf2.o(i._printf_core) for _printf_core
    printf2.o(i.__0fprintf$2) refers to usart1.o(.text) for fputc
    printf2.o(i.__0printf$2) refers to printf2.o(i._printf_core) for _printf_core
    printf2.o(i.__0printf$2) refers to usart1.o(.text) for fputc
    printf2.o(i.__0printf$2) refers to stdout.o(.data) for __stdout
    printf2.o(i.__0snprintf$2) refers to printf2.o(i._printf_core) for _printf_core
    printf2.o(i.__0snprintf$2) refers to printf2.o(i._snputc) for _snputc
    printf2.o(i.__0sprintf$2) refers to printf2.o(i._printf_core) for _printf_core
    printf2.o(i.__0sprintf$2) refers to printf2.o(i._sputc) for _sputc
    printf2.o(i.__0vfprintf$2) refers to printf2.o(i._printf_core) for _printf_core
    printf2.o(i.__0vfprintf$2) refers to usart1.o(.text) for fputc
    printf2.o(i.__0vprintf$2) refers to printf2.o(i._printf_core) for _printf_core
    printf2.o(i.__0vprintf$2) refers to usart1.o(.text) for fputc
    printf2.o(i.__0vprintf$2) refers to stdout.o(.data) for __stdout
    printf2.o(i.__0vsnprintf$2) refers to printf2.o(i._printf_core) for _printf_core
    printf2.o(i.__0vsnprintf$2) refers to printf2.o(i._snputc) for _snputc
    printf2.o(i.__0vsprintf$2) refers to printf2.o(i._printf_core) for _printf_core
    printf2.o(i.__0vsprintf$2) refers to printf2.o(i._sputc) for _sputc
    printf3.o(i.__0fprintf$3) refers to printf3.o(i._printf_core) for _printf_core
    printf3.o(i.__0fprintf$3) refers to usart1.o(.text) for fputc
    printf3.o(i.__0printf$3) refers to printf3.o(i._printf_core) for _printf_core
    printf3.o(i.__0printf$3) refers to usart1.o(.text) for fputc
    printf3.o(i.__0printf$3) refers to stdout.o(.data) for __stdout
    printf3.o(i.__0snprintf$3) refers to printf3.o(i._printf_core) for _printf_core
    printf3.o(i.__0snprintf$3) refers to printf3.o(i._snputc) for _snputc
    printf3.o(i.__0sprintf$3) refers to printf3.o(i._printf_core) for _printf_core
    printf3.o(i.__0sprintf$3) refers to printf3.o(i._sputc) for _sputc
    printf3.o(i.__0vfprintf$3) refers to printf3.o(i._printf_core) for _printf_core
    printf3.o(i.__0vfprintf$3) refers to usart1.o(.text) for fputc
    printf3.o(i.__0vprintf$3) refers to printf3.o(i._printf_core) for _printf_core
    printf3.o(i.__0vprintf$3) refers to usart1.o(.text) for fputc
    printf3.o(i.__0vprintf$3) refers to stdout.o(.data) for __stdout
    printf3.o(i.__0vsnprintf$3) refers to printf3.o(i._printf_core) for _printf_core
    printf3.o(i.__0vsnprintf$3) refers to printf3.o(i._snputc) for _snputc
    printf3.o(i.__0vsprintf$3) refers to printf3.o(i._printf_core) for _printf_core
    printf3.o(i.__0vsprintf$3) refers to printf3.o(i._sputc) for _sputc
    printf3.o(i._printf_core) refers to uidiv.o(.text) for __aeabi_uidivmod
    printf4.o(i.__0fprintf$4) refers to printf4.o(i._printf_core) for _printf_core
    printf4.o(i.__0fprintf$4) refers to usart1.o(.text) for fputc
    printf4.o(i.__0printf$4) refers to printf4.o(i._printf_core) for _printf_core
    printf4.o(i.__0printf$4) refers to usart1.o(.text) for fputc
    printf4.o(i.__0printf$4) refers to stdout.o(.data) for __stdout
    printf4.o(i.__0snprintf$4) refers to printf4.o(i._printf_core) for _printf_core
    printf4.o(i.__0snprintf$4) refers to printf4.o(i._snputc) for _snputc
    printf4.o(i.__0sprintf$4) refers to printf4.o(i._printf_core) for _printf_core
    printf4.o(i.__0sprintf$4) refers to printf4.o(i._sputc) for _sputc
    printf4.o(i.__0vfprintf$4) refers to printf4.o(i._printf_core) for _printf_core
    printf4.o(i.__0vfprintf$4) refers to usart1.o(.text) for fputc
    printf4.o(i.__0vprintf$4) refers to printf4.o(i._printf_core) for _printf_core
    printf4.o(i.__0vprintf$4) refers to usart1.o(.text) for fputc
    printf4.o(i.__0vprintf$4) refers to stdout.o(.data) for __stdout
    printf4.o(i.__0vsnprintf$4) refers to printf4.o(i._printf_core) for _printf_core
    printf4.o(i.__0vsnprintf$4) refers to printf4.o(i._snputc) for _snputc
    printf4.o(i.__0vsprintf$4) refers to printf4.o(i._printf_core) for _printf_core
    printf4.o(i.__0vsprintf$4) refers to printf4.o(i._sputc) for _sputc
    printf4.o(i._printf_core) refers to uldiv.o(.text) for __aeabi_uldivmod
    printf5.o(i.__0fprintf$5) refers to printf5.o(i._printf_core) for _printf_core
    printf5.o(i.__0fprintf$5) refers to usart1.o(.text) for fputc
    printf5.o(i.__0printf$5) refers to printf5.o(i._printf_core) for _printf_core
    printf5.o(i.__0printf$5) refers to usart1.o(.text) for fputc
    printf5.o(i.__0printf$5) refers to stdout.o(.data) for __stdout
    printf5.o(i.__0snprintf$5) refers to printf5.o(i._printf_core) for _printf_core
    printf5.o(i.__0snprintf$5) refers to printf5.o(i._snputc) for _snputc
    printf5.o(i.__0sprintf$5) refers to printf5.o(i._printf_core) for _printf_core
    printf5.o(i.__0sprintf$5) refers to printf5.o(i._sputc) for _sputc
    printf5.o(i.__0vfprintf$5) refers to printf5.o(i._printf_core) for _printf_core
    printf5.o(i.__0vfprintf$5) refers to usart1.o(.text) for fputc
    printf5.o(i.__0vprintf$5) refers to printf5.o(i._printf_core) for _printf_core
    printf5.o(i.__0vprintf$5) refers to usart1.o(.text) for fputc
    printf5.o(i.__0vprintf$5) refers to stdout.o(.data) for __stdout
    printf5.o(i.__0vsnprintf$5) refers to printf5.o(i._printf_core) for _printf_core
    printf5.o(i.__0vsnprintf$5) refers to printf5.o(i._snputc) for _snputc
    printf5.o(i.__0vsprintf$5) refers to printf5.o(i._printf_core) for _printf_core
    printf5.o(i.__0vsprintf$5) refers to printf5.o(i._sputc) for _sputc
    printf5.o(i._printf_core) refers to uldiv.o(.text) for __aeabi_uldivmod
    printf6.o(i.__0fprintf$6) refers to printf6.o(i._printf_core) for _printf_core
    printf6.o(i.__0fprintf$6) refers to usart1.o(.text) for fputc
    printf6.o(i.__0printf$6) refers to printf6.o(i._printf_core) for _printf_core
    printf6.o(i.__0printf$6) refers to usart1.o(.text) for fputc
    printf6.o(i.__0printf$6) refers to stdout.o(.data) for __stdout
    printf6.o(i.__0snprintf$6) refers to printf6.o(i._printf_core) for _printf_core
    printf6.o(i.__0snprintf$6) refers to printf6.o(i._snputc) for _snputc
    printf6.o(i.__0sprintf$6) refers to printf6.o(i._printf_core) for _printf_core
    printf6.o(i.__0sprintf$6) refers to printf6.o(i._sputc) for _sputc
    printf6.o(i.__0vfprintf$6) refers to printf6.o(i._printf_core) for _printf_core
    printf6.o(i.__0vfprintf$6) refers to usart1.o(.text) for fputc
    printf6.o(i.__0vprintf$6) refers to printf6.o(i._printf_core) for _printf_core
    printf6.o(i.__0vprintf$6) refers to usart1.o(.text) for fputc
    printf6.o(i.__0vprintf$6) refers to stdout.o(.data) for __stdout
    printf6.o(i.__0vsnprintf$6) refers to printf6.o(i._printf_core) for _printf_core
    printf6.o(i.__0vsnprintf$6) refers to printf6.o(i._snputc) for _snputc
    printf6.o(i.__0vsprintf$6) refers to printf6.o(i._printf_core) for _printf_core
    printf6.o(i.__0vsprintf$6) refers to printf6.o(i._sputc) for _sputc
    printf6.o(i._printf_core) refers to printf6.o(i._printf_pre_padding) for _printf_pre_padding
    printf6.o(i._printf_core) refers to uidiv.o(.text) for __aeabi_uidivmod
    printf6.o(i._printf_core) refers to printf6.o(i._printf_post_padding) for _printf_post_padding
    printf7.o(i.__0fprintf$7) refers to printf7.o(i._printf_core) for _printf_core
    printf7.o(i.__0fprintf$7) refers to usart1.o(.text) for fputc
    printf7.o(i.__0printf$7) refers to printf7.o(i._printf_core) for _printf_core
    printf7.o(i.__0printf$7) refers to usart1.o(.text) for fputc
    printf7.o(i.__0printf$7) refers to stdout.o(.data) for __stdout
    printf7.o(i.__0snprintf$7) refers to printf7.o(i._printf_core) for _printf_core
    printf7.o(i.__0snprintf$7) refers to printf7.o(i._snputc) for _snputc
    printf7.o(i.__0sprintf$7) refers to printf7.o(i._printf_core) for _printf_core
    printf7.o(i.__0sprintf$7) refers to printf7.o(i._sputc) for _sputc
    printf7.o(i.__0vfprintf$7) refers to printf7.o(i._printf_core) for _printf_core
    printf7.o(i.__0vfprintf$7) refers to usart1.o(.text) for fputc
    printf7.o(i.__0vprintf$7) refers to printf7.o(i._printf_core) for _printf_core
    printf7.o(i.__0vprintf$7) refers to usart1.o(.text) for fputc
    printf7.o(i.__0vprintf$7) refers to stdout.o(.data) for __stdout
    printf7.o(i.__0vsnprintf$7) refers to printf7.o(i._printf_core) for _printf_core
    printf7.o(i.__0vsnprintf$7) refers to printf7.o(i._snputc) for _snputc
    printf7.o(i.__0vsprintf$7) refers to printf7.o(i._printf_core) for _printf_core
    printf7.o(i.__0vsprintf$7) refers to printf7.o(i._sputc) for _sputc
    printf7.o(i._printf_core) refers to printf7.o(i._printf_pre_padding) for _printf_pre_padding
    printf7.o(i._printf_core) refers to uldiv.o(.text) for __aeabi_uldivmod
    printf7.o(i._printf_core) refers to printf7.o(i._printf_post_padding) for _printf_post_padding
    printf8.o(i.__0fprintf$8) refers to printf8.o(i._printf_core) for _printf_core
    printf8.o(i.__0fprintf$8) refers to usart1.o(.text) for fputc
    printf8.o(i.__0printf$8) refers to printf8.o(i._printf_core) for _printf_core
    printf8.o(i.__0printf$8) refers to usart1.o(.text) for fputc
    printf8.o(i.__0printf$8) refers to stdout.o(.data) for __stdout
    printf8.o(i.__0snprintf$8) refers to printf8.o(i._printf_core) for _printf_core
    printf8.o(i.__0snprintf$8) refers to printf8.o(i._snputc) for _snputc
    printf8.o(i.__0sprintf$8) refers to printf8.o(i._printf_core) for _printf_core
    printf8.o(i.__0sprintf$8) refers to printf8.o(i._sputc) for _sputc
    printf8.o(i.__0vfprintf$8) refers to printf8.o(i._printf_core) for _printf_core
    printf8.o(i.__0vfprintf$8) refers to usart1.o(.text) for fputc
    printf8.o(i.__0vprintf$8) refers to printf8.o(i._printf_core) for _printf_core
    printf8.o(i.__0vprintf$8) refers to usart1.o(.text) for fputc
    printf8.o(i.__0vprintf$8) refers to stdout.o(.data) for __stdout
    printf8.o(i.__0vsnprintf$8) refers to printf8.o(i._printf_core) for _printf_core
    printf8.o(i.__0vsnprintf$8) refers to printf8.o(i._snputc) for _snputc
    printf8.o(i.__0vsprintf$8) refers to printf8.o(i._printf_core) for _printf_core
    printf8.o(i.__0vsprintf$8) refers to printf8.o(i._sputc) for _sputc
    printf8.o(i._printf_core) refers to printf8.o(i._printf_pre_padding) for _printf_pre_padding
    printf8.o(i._printf_core) refers to uldiv.o(.text) for __aeabi_uldivmod
    printf8.o(i._printf_core) refers to printf8.o(i._printf_post_padding) for _printf_post_padding
    printfa.o(i.__0fprintf) refers (Special) to iusefp.o(.text) for __I$use$fp
    printfa.o(i.__0fprintf) refers to printfa.o(i._printf_core) for _printf_core
    printfa.o(i.__0fprintf) refers to usart1.o(.text) for fputc
    printfa.o(i.__0printf) refers (Special) to iusefp.o(.text) for __I$use$fp
    printfa.o(i.__0printf) refers to printfa.o(i._printf_core) for _printf_core
    printfa.o(i.__0printf) refers to usart1.o(.text) for fputc
    printfa.o(i.__0printf) refers to stdout.o(.data) for __stdout
    printfa.o(i.__0snprintf) refers (Special) to iusefp.o(.text) for __I$use$fp
    printfa.o(i.__0snprintf) refers to printfa.o(i._printf_core) for _printf_core
    printfa.o(i.__0snprintf) refers to printfa.o(i._snputc) for _snputc
    printfa.o(i.__0sprintf) refers (Special) to iusefp.o(.text) for __I$use$fp
    printfa.o(i.__0sprintf) refers to printfa.o(i._printf_core) for _printf_core
    printfa.o(i.__0sprintf) refers to printfa.o(i._sputc) for _sputc
    printfa.o(i.__0vfprintf) refers (Special) to iusefp.o(.text) for __I$use$fp
    printfa.o(i.__0vfprintf) refers to printfa.o(i._printf_core) for _printf_core
    printfa.o(i.__0vfprintf) refers to usart1.o(.text) for fputc
    printfa.o(i.__0vprintf) refers (Special) to iusefp.o(.text) for __I$use$fp
    printfa.o(i.__0vprintf) refers to printfa.o(i._printf_core) for _printf_core
    printfa.o(i.__0vprintf) refers to usart1.o(.text) for fputc
    printfa.o(i.__0vprintf) refers to stdout.o(.data) for __stdout
    printfa.o(i.__0vsnprintf) refers (Special) to iusefp.o(.text) for __I$use$fp
    printfa.o(i.__0vsnprintf) refers to printfa.o(i._printf_core) for _printf_core
    printfa.o(i.__0vsnprintf) refers to printfa.o(i._snputc) for _snputc
    printfa.o(i.__0vsprintf) refers (Special) to iusefp.o(.text) for __I$use$fp
    printfa.o(i.__0vsprintf) refers to printfa.o(i._printf_core) for _printf_core
    printfa.o(i.__0vsprintf) refers to printfa.o(i._sputc) for _sputc
    printfa.o(i._fp_digits) refers (Special) to iusefp.o(.text) for __I$use$fp
    printfa.o(i._fp_digits) refers to dmul.o(.text) for __aeabi_dmul
    printfa.o(i._fp_digits) refers to ddiv.o(.text) for __aeabi_ddiv
    printfa.o(i._fp_digits) refers to cdrcmple.o(.text) for __aeabi_cdrcmple
    printfa.o(i._fp_digits) refers to dadd.o(.text) for __aeabi_dadd
    printfa.o(i._fp_digits) refers to dfixul.o(.text) for __aeabi_d2ulz
    printfa.o(i._fp_digits) refers to uldiv.o(.text) for __aeabi_uldivmod
    printfa.o(i._printf_core) refers (Special) to iusefp.o(.text) for __I$use$fp
    printfa.o(i._printf_core) refers to printfa.o(i._printf_pre_padding) for _printf_pre_padding
    printfa.o(i._printf_core) refers to uldiv.o(.text) for __aeabi_uldivmod
    printfa.o(i._printf_core) refers to printfa.o(i._printf_post_padding) for _printf_post_padding
    printfa.o(i._printf_core) refers to printfa.o(i._fp_digits) for _fp_digits
    printfa.o(i._printf_core) refers to uidiv.o(.text) for __aeabi_uidivmod
    printfa.o(i._printf_post_padding) refers (Special) to iusefp.o(.text) for __I$use$fp
    printfa.o(i._printf_pre_padding) refers (Special) to iusefp.o(.text) for __I$use$fp
    printfa.o(i._snputc) refers (Special) to iusefp.o(.text) for __I$use$fp
    printfa.o(i._sputc) refers (Special) to iusefp.o(.text) for __I$use$fp
    ddiv.o(.text) refers (Special) to iusefp.o(.text) for __I$use$fp
    ddiv.o(.text) refers to depilogue.o(.text) for _double_round
    dfltui.o(.text) refers (Special) to iusefp.o(.text) for __I$use$fp
    dfltui.o(.text) refers to depilogue.o(.text) for _double_epilogue
    dfixui.o(.text) refers (Special) to iusefp.o(.text) for __I$use$fp
    dfixui.o(.text) refers to llushr.o(.text) for __aeabi_llsr
    entry2.o(.ARM.Collect$$$$00000001) refers to entry2.o(.ARM.Collect$$$$00002712) for __lit__00000000
    entry2.o(.ARM.Collect$$$$00002712) refers to startup_stm32f10x_hd.o(STACK) for __initial_sp
    entry2.o(__vectab_stack_and_reset_area) refers to startup_stm32f10x_hd.o(STACK) for __initial_sp
    entry2.o(__vectab_stack_and_reset_area) refers to entry.o(.ARM.Collect$$$$00000000) for __main
    entry5.o(.ARM.Collect$$$$00000004) refers to init.o(.text) for __scatterload
    entry9a.o(.ARM.Collect$$$$0000000B) refers to main.o(.text) for main
    entry9b.o(.ARM.Collect$$$$0000000C) refers to main.o(.text) for main
    uldiv.o(.text) refers to llushr.o(.text) for __aeabi_llsr
    uldiv.o(.text) refers to llshl.o(.text) for __aeabi_llsl
    depilogue.o(.text) refers to llshl.o(.text) for __aeabi_llsl
    depilogue.o(.text) refers to llushr.o(.text) for __aeabi_llsr
    dadd.o(.text) refers to llshl.o(.text) for __aeabi_llsl
    dadd.o(.text) refers to llsshr.o(.text) for __aeabi_lasr
    dadd.o(.text) refers to depilogue.o(.text) for _double_epilogue
    dmul.o(.text) refers to depilogue.o(.text) for _double_epilogue
    dfixul.o(.text) refers to llushr.o(.text) for __aeabi_llsr
    dfixul.o(.text) refers to llshl.o(.text) for __aeabi_llsl
    init.o(.text) refers to entry5.o(.ARM.Collect$$$$00000004) for __main_after_scatterload


==============================================================================

Removing Unused input sections from the image.

    Removing myiic.o(.text), (652 bytes).
    Removing core_cm3.o(.emb_text), (32 bytes).
    Removing startup_stm32f10x_hd.o(HEAP), (512 bytes).
    Removing stm32f10x_spi.o(.text), (780 bytes).
    Removing stm32f10x_fsmc.o(.text), (1548 bytes).
    Removing dadd.o(.text), (334 bytes).
    Removing dmul.o(.text), (228 bytes).
    Removing dfixul.o(.text), (48 bytes).
    Removing cdrcmple.o(.text), (48 bytes).

9 unused section(s) (total 4182 bytes) removed from the image.

==============================================================================

Image Symbol Table

    Local Symbols

    Symbol Name                              Value     Ov Type        Size  Object(Section)

    ../clib/microlib/division.c              0x00000000   Number         0  uidiv.o ABSOLUTE
    ../clib/microlib/division.c              0x00000000   Number         0  uldiv.o ABSOLUTE
    ../clib/microlib/init/entry.s            0x00000000   Number         0  entry11b.o ABSOLUTE
    ../clib/microlib/init/entry.s            0x00000000   Number         0  entry10b.o ABSOLUTE
    ../clib/microlib/init/entry.s            0x00000000   Number         0  entry2.o ABSOLUTE
    ../clib/microlib/init/entry.s            0x00000000   Number         0  entry7b.o ABSOLUTE
    ../clib/microlib/init/entry.s            0x00000000   Number         0  entry11a.o ABSOLUTE
    ../clib/microlib/init/entry.s            0x00000000   Number         0  entry5.o ABSOLUTE
    ../clib/microlib/init/entry.s            0x00000000   Number         0  entry10a.o ABSOLUTE
    ../clib/microlib/init/entry.s            0x00000000   Number         0  entry.o ABSOLUTE
    ../clib/microlib/init/entry.s            0x00000000   Number         0  entry9b.o ABSOLUTE
    ../clib/microlib/init/entry.s            0x00000000   Number         0  entry7a.o ABSOLUTE
    ../clib/microlib/init/entry.s            0x00000000   Number         0  entry8b.o ABSOLUTE
    ../clib/microlib/init/entry.s            0x00000000   Number         0  entry9a.o ABSOLUTE
    ../clib/microlib/init/entry.s            0x00000000   Number         0  entry8a.o ABSOLUTE
    ../clib/microlib/longlong.c              0x00000000   Number         0  llushr.o ABSOLUTE
    ../clib/microlib/longlong.c              0x00000000   Number         0  llsshr.o ABSOLUTE
    ../clib/microlib/longlong.c              0x00000000   Number         0  llshl.o ABSOLUTE
    ../clib/microlib/printf/printf.c         0x00000000   Number         0  printf0.o ABSOLUTE
    ../clib/microlib/printf/printf.c         0x00000000   Number         0  printf1.o ABSOLUTE
    ../clib/microlib/printf/printf.c         0x00000000   Number         0  printf2.o ABSOLUTE
    ../clib/microlib/printf/printf.c         0x00000000   Number         0  printf3.o ABSOLUTE
    ../clib/microlib/printf/printf.c         0x00000000   Number         0  printf4.o ABSOLUTE
    ../clib/microlib/printf/printf.c         0x00000000   Number         0  printf6.o ABSOLUTE
    ../clib/microlib/printf/printf.c         0x00000000   Number         0  printf5.o ABSOLUTE
    ../clib/microlib/printf/printf.c         0x00000000   Number         0  printf7.o ABSOLUTE
    ../clib/microlib/printf/printf.c         0x00000000   Number         0  printfa.o ABSOLUTE
    ../clib/microlib/printf/printf.c         0x00000000   Number         0  printf8.o ABSOLUTE
    ../clib/microlib/printf/printf.c         0x00000000   Number         0  printfb.o ABSOLUTE
    ../clib/microlib/printf/stubs.s          0x00000000   Number         0  stubs.o ABSOLUTE
    ../clib/microlib/stdio/streams.c         0x00000000   Number         0  stdout.o ABSOLUTE
    ../clib/microlib/string/strlen.c         0x00000000   Number         0  strlen.o ABSOLUTE
    ../clib/microlib/stubs.s                 0x00000000   Number         0  iusefp.o ABSOLUTE
    ../fplib/microlib/fpadd.c                0x00000000   Number         0  dadd.o ABSOLUTE
    ../fplib/microlib/fpdiv.c                0x00000000   Number         0  ddiv.o ABSOLUTE
    ../fplib/microlib/fpepilogue.c           0x00000000   Number         0  depilogue.o ABSOLUTE
    ../fplib/microlib/fpfix.c                0x00000000   Number         0  dfixui.o ABSOLUTE
    ../fplib/microlib/fpfix.c                0x00000000   Number         0  dfixul.o ABSOLUTE
    ../fplib/microlib/fpflt.c                0x00000000   Number         0  dfltui.o ABSOLUTE
    ../fplib/microlib/fpmul.c                0x00000000   Number         0  dmul.o ABSOLUTE
    ..\BSP\i2c.c                             0x00000000   Number         0  i2c.o ABSOLUTE
    ..\BSP\time.c                            0x00000000   Number         0  time.o ABSOLUTE
    ..\CORE\core_cm3.c                       0x00000000   Number         0  core_cm3.o ABSOLUTE
    ..\CORE\startup_stm32f10x_hd.s           0x00000000   Number         0  startup_stm32f10x_hd.o ABSOLUTE
    ..\HARDWARE\CAN\can1.c                   0x00000000   Number         0  can1.o ABSOLUTE
    ..\HARDWARE\IIC\myiic.c                  0x00000000   Number         0  myiic.o ABSOLUTE
    ..\HARDWARE\esp8266\esp8266.c            0x00000000   Number         0  esp8266.o ABSOLUTE
    ..\STM32F10x_FWLib\src\misc.c            0x00000000   Number         0  misc.o ABSOLUTE
    ..\STM32F10x_FWLib\src\stm32f10x_can.c   0x00000000   Number         0  stm32f10x_can.o ABSOLUTE
    ..\STM32F10x_FWLib\src\stm32f10x_fsmc.c  0x00000000   Number         0  stm32f10x_fsmc.o ABSOLUTE
    ..\STM32F10x_FWLib\src\stm32f10x_gpio.c  0x00000000   Number         0  stm32f10x_gpio.o ABSOLUTE
    ..\STM32F10x_FWLib\src\stm32f10x_rcc.c   0x00000000   Number         0  stm32f10x_rcc.o ABSOLUTE
    ..\STM32F10x_FWLib\src\stm32f10x_spi.c   0x00000000   Number         0  stm32f10x_spi.o ABSOLUTE
    ..\STM32F10x_FWLib\src\stm32f10x_tim.c   0x00000000   Number         0  stm32f10x_tim.o ABSOLUTE
    ..\STM32F10x_FWLib\src\stm32f10x_usart.c 0x00000000   Number         0  stm32f10x_usart.o ABSOLUTE
    ..\\CORE\\core_cm3.c                     0x00000000   Number         0  core_cm3.o ABSOLUTE
    cdrcmple.s                               0x00000000   Number         0  cdrcmple.o ABSOLUTE
    dc.s                                     0x00000000   Number         0  dc.o ABSOLUTE
    handlers.s                               0x00000000   Number         0  handlers.o ABSOLUTE
    init.s                                   0x00000000   Number         0  init.o ABSOLUTE
    main.c                                   0x00000000   Number         0  main.o ABSOLUTE
    system_stm32f10x.c                       0x00000000   Number         0  system_stm32f10x.o ABSOLUTE
    usart1.c                                 0x00000000   Number         0  usart1.o ABSOLUTE
    RESET                                    0x08000000   Section      304  startup_stm32f10x_hd.o(RESET)
    .ARM.Collect$$$$00000000                 0x08000130   Section        0  entry.o(.ARM.Collect$$$$00000000)
    .ARM.Collect$$$$00000001                 0x08000130   Section        4  entry2.o(.ARM.Collect$$$$00000001)
    .ARM.Collect$$$$00000004                 0x08000134   Section        4  entry5.o(.ARM.Collect$$$$00000004)
    .ARM.Collect$$$$00000008                 0x08000138   Section        0  entry7b.o(.ARM.Collect$$$$00000008)
    .ARM.Collect$$$$0000000A                 0x08000138   Section        0  entry8b.o(.ARM.Collect$$$$0000000A)
    .ARM.Collect$$$$0000000B                 0x08000138   Section        8  entry9a.o(.ARM.Collect$$$$0000000B)
    .ARM.Collect$$$$0000000D                 0x08000140   Section        0  entry10a.o(.ARM.Collect$$$$0000000D)
    .ARM.Collect$$$$0000000F                 0x08000140   Section        0  entry11a.o(.ARM.Collect$$$$0000000F)
    .ARM.Collect$$$$00002712                 0x08000140   Section        4  entry2.o(.ARM.Collect$$$$00002712)
    __lit__00000000                          0x08000140   Data           4  entry2.o(.ARM.Collect$$$$00002712)
    .text                                    0x08000144   Section        0  main.o(.text)
    .text                                    0x0800076c   Section        0  system_stm32f10x.o(.text)
    SetSysClockTo72                          0x0800076d   Thumb Code   214  system_stm32f10x.o(.text)
    SetSysClock                              0x08000843   Thumb Code     8  system_stm32f10x.o(.text)
    .text                                    0x0800094c   Section        0  usart1.o(.text)
    .text                                    0x08000e04   Section        0  time.o(.text)
    .text                                    0x080017dc   Section        0  can1.o(.text)
    .text                                    0x08001940   Section        0  esp8266.o(.text)
    .text                                    0x080019c8   Section       36  startup_stm32f10x_hd.o(.text)
    .text                                    0x080019ec   Section        0  misc.o(.text)
    .text                                    0x08001ac8   Section        0  stm32f10x_gpio.o(.text)
    .text                                    0x08001e24   Section        0  stm32f10x_rcc.o(.text)
    .text                                    0x080021c8   Section        0  stm32f10x_usart.o(.text)
    .text                                    0x080025d0   Section        0  stm32f10x_tim.o(.text)
    TI4_Config                               0x08002a77   Thumb Code   130  stm32f10x_tim.o(.text)
    TI3_Config                               0x08002b0b   Thumb Code   122  stm32f10x_tim.o(.text)
    TI2_Config                               0x08002b9f   Thumb Code   130  stm32f10x_tim.o(.text)
    TI1_Config                               0x08002c33   Thumb Code   108  stm32f10x_tim.o(.text)
    .text                                    0x080033ec   Section        0  stm32f10x_can.o(.text)
    CheckITStatus                            0x08003bef   Thumb Code    18  stm32f10x_can.o(.text)
    .text                                    0x08003ddc   Section        0  i2c.o(.text)
    I2c_delay                                0x08003ddd   Thumb Code    22  i2c.o(.text)
    I2c_Start                                0x08003e19   Thumb Code    86  i2c.o(.text)
    I2c_Stop                                 0x08003e6f   Thumb Code    52  i2c.o(.text)
    I2c_Ack                                  0x08003ea3   Thumb Code    52  i2c.o(.text)
    I2c_NoAck                                0x08003ed7   Thumb Code    52  i2c.o(.text)
    I2c_WaitAck                              0x08003f0b   Thumb Code    74  i2c.o(.text)
    I2c_SendByte                             0x08003f55   Thumb Code    84  i2c.o(.text)
    I2c_ReadByte                             0x08003fa9   Thumb Code    82  i2c.o(.text)
    .text                                    0x08004170   Section        0  strlen.o(.text)
    .text                                    0x0800417e   Section        0  ddiv.o(.text)
    .text                                    0x0800425c   Section        0  dfltui.o(.text)
    .text                                    0x08004276   Section        0  dfixui.o(.text)
    .text                                    0x080042a8   Section        0  uidiv.o(.text)
    .text                                    0x080042d4   Section        0  llushr.o(.text)
    .text                                    0x080042f4   Section        0  iusefp.o(.text)
    .text                                    0x080042f4   Section        0  depilogue.o(.text)
    .text                                    0x080043b0   Section       36  init.o(.text)
    .text                                    0x080043d4   Section        0  llshl.o(.text)
    i.__0sprintf$1                           0x080043f4   Section        0  printf1.o(i.__0sprintf$1)
    i.__scatterload_copy                     0x0800441c   Section       14  handlers.o(i.__scatterload_copy)
    i.__scatterload_null                     0x0800442a   Section        2  handlers.o(i.__scatterload_null)
    i.__scatterload_zeroinit                 0x0800442c   Section       14  handlers.o(i.__scatterload_zeroinit)
    i._printf_core                           0x0800443c   Section        0  printf1.o(i._printf_core)
    _printf_core                             0x0800443d   Thumb Code   336  printf1.o(i._printf_core)
    i._sputc                                 0x08004590   Section        0  printf1.o(i._sputc)
    _sputc                                   0x08004591   Thumb Code    10  printf1.o(i._sputc)
    .conststring                             0x0800459c   Section      438  esp8266.o(.conststring)
    .data                                    0x20000000   Section       28  main.o(.data)
    .data                                    0x2000001c   Section       20  system_stm32f10x.o(.data)
    .data                                    0x20000030   Section        5  usart1.o(.data)
    .data                                    0x20000038   Section       40  time.o(.data)
    .data                                    0x20000060   Section      144  esp8266.o(.data)
    .data                                    0x200000f0   Section       20  stm32f10x_rcc.o(.data)
    APBAHBPrescTable                         0x200000f0   Data          16  stm32f10x_rcc.o(.data)
    ADCPrescTable                            0x20000100   Data           4  stm32f10x_rcc.o(.data)
    .bss                                     0x20000104   Section      142  main.o(.bss)
    .bss                                     0x20000192   Section      150  usart1.o(.bss)
    .bss                                     0x20000228   Section       16  time.o(.bss)
    .bss                                     0x20000238   Section       30  esp8266.o(.bss)
    STACK                                    0x20000258   Section     1024  startup_stm32f10x_hd.o(STACK)

    Global Symbols

    Symbol Name                              Value     Ov Type        Size  Object(Section)

    BuildAttributes$$THM_ISAv4$P$D$K$B$S$PE$A:L22UL41UL21$X:L11$S22US41US21$IEEE1$IW$USESV6$~STKCKD$USESV7$~SHL$OSPACE$ROPI$EBA8$MICROLIB$REQ8$PRES8$EABIv2 0x00000000   Number         0  anon$$obj.o ABSOLUTE
    __ARM_use_no_argv                        0x00000000   Number         0  main.o ABSOLUTE
    _printf_a                                0x00000000   Number         0  stubs.o ABSOLUTE
    _printf_c                                0x00000000   Number         0  stubs.o ABSOLUTE
    _printf_charcount                        0x00000000   Number         0  stubs.o ABSOLUTE
    _printf_d                                0x00000000   Number         0  stubs.o ABSOLUTE
    _printf_e                                0x00000000   Number         0  stubs.o ABSOLUTE
    _printf_f                                0x00000000   Number         0  stubs.o ABSOLUTE
    _printf_flags                            0x00000000   Number         0  stubs.o ABSOLUTE
    _printf_fp_dec                           0x00000000   Number         0  stubs.o ABSOLUTE
    _printf_fp_hex                           0x00000000   Number         0  stubs.o ABSOLUTE
    _printf_g                                0x00000000   Number         0  stubs.o ABSOLUTE
    _printf_i                                0x00000000   Number         0  stubs.o ABSOLUTE
    _printf_int_dec                          0x00000000   Number         0  stubs.o ABSOLUTE
    _printf_l                                0x00000000   Number         0  stubs.o ABSOLUTE
    _printf_lc                               0x00000000   Number         0  stubs.o ABSOLUTE
    _printf_ll                               0x00000000   Number         0  stubs.o ABSOLUTE
    _printf_lld                              0x00000000   Number         0  stubs.o ABSOLUTE
    _printf_lli                              0x00000000   Number         0  stubs.o ABSOLUTE
    _printf_llo                              0x00000000   Number         0  stubs.o ABSOLUTE
    _printf_llu                              0x00000000   Number         0  stubs.o ABSOLUTE
    _printf_llx                              0x00000000   Number         0  stubs.o ABSOLUTE
    _printf_longlong_dec                     0x00000000   Number         0  stubs.o ABSOLUTE
    _printf_longlong_hex                     0x00000000   Number         0  stubs.o ABSOLUTE
    _printf_longlong_oct                     0x00000000   Number         0  stubs.o ABSOLUTE
    _printf_ls                               0x00000000   Number         0  stubs.o ABSOLUTE
    _printf_mbtowc                           0x00000000   Number         0  stubs.o ABSOLUTE
    _printf_n                                0x00000000   Number         0  stubs.o ABSOLUTE
    _printf_o                                0x00000000   Number         0  stubs.o ABSOLUTE
    _printf_p                                0x00000000   Number         0  stubs.o ABSOLUTE
    _printf_percent                          0x00000000   Number         0  stubs.o ABSOLUTE
    _printf_pre_padding                      0x00000000   Number         0  stubs.o ABSOLUTE
    _printf_return_value                     0x00000000   Number         0  stubs.o ABSOLUTE
    _printf_s                                0x00000000   Number         0  stubs.o ABSOLUTE
    _printf_sizespec                         0x00000000   Number         0  stubs.o ABSOLUTE
    _printf_str                              0x00000000   Number         0  stubs.o ABSOLUTE
    _printf_truncate_signed                  0x00000000   Number         0  stubs.o ABSOLUTE
    _printf_truncate_unsigned                0x00000000   Number         0  stubs.o ABSOLUTE
    _printf_u                                0x00000000   Number         0  stubs.o ABSOLUTE
    _printf_wc                               0x00000000   Number         0  stubs.o ABSOLUTE
    _printf_wctomb                           0x00000000   Number         0  stubs.o ABSOLUTE
    _printf_widthprec                        0x00000000   Number         0  stubs.o ABSOLUTE
    _printf_x                                0x00000000   Number         0  stubs.o ABSOLUTE
    __cpp_initialize__aeabi_                  - Undefined Weak Reference
    __cxa_finalize                            - Undefined Weak Reference
    __decompress                              - Undefined Weak Reference
    _clock_init                               - Undefined Weak Reference
    _microlib_exit                            - Undefined Weak Reference
    __Vectors_Size                           0x00000130   Number         0  startup_stm32f10x_hd.o ABSOLUTE
    __Vectors                                0x08000000   Data           4  startup_stm32f10x_hd.o(RESET)
    __Vectors_End                            0x08000130   Data           0  startup_stm32f10x_hd.o(RESET)
    __main                                   0x08000131   Thumb Code     0  entry.o(.ARM.Collect$$$$00000000)
    _main_stk                                0x08000131   Thumb Code     0  entry2.o(.ARM.Collect$$$$00000001)
    _main_scatterload                        0x08000135   Thumb Code     0  entry5.o(.ARM.Collect$$$$00000004)
    __main_after_scatterload                 0x08000139   Thumb Code     0  entry5.o(.ARM.Collect$$$$00000004)
    _main_clock                              0x08000139   Thumb Code     0  entry7b.o(.ARM.Collect$$$$00000008)
    _main_cpp_init                           0x08000139   Thumb Code     0  entry8b.o(.ARM.Collect$$$$0000000A)
    _main_init                               0x08000139   Thumb Code     0  entry9a.o(.ARM.Collect$$$$0000000B)
    __rt_final_cpp                           0x08000141   Thumb Code     0  entry10a.o(.ARM.Collect$$$$0000000D)
    __rt_final_exit                          0x08000141   Thumb Code     0  entry11a.o(.ARM.Collect$$$$0000000F)
    Ultran_Init                              0x08000145   Thumb Code    72  main.o(.text)
    Ultra_Ranging                            0x0800018d   Thumb Code   446  main.o(.text)
    main                                     0x0800034b   Thumb Code  1026  main.o(.text)
    SystemInit                               0x0800084b   Thumb Code    78  system_stm32f10x.o(.text)
    SystemCoreClockUpdate1                   0x08000899   Thumb Code   142  system_stm32f10x.o(.text)
    USART1_Config                            0x0800094d   Thumb Code   184  usart1.o(.text)
    USART1_IRQHandler                        0x08000a05   Thumb Code    46  usart1.o(.text)
    fputc                                    0x08000a33   Thumb Code    32  usart1.o(.text)
    GetKey                                   0x08000a53   Thumb Code    26  usart1.o(.text)
    USART2_Config                            0x08000a6d   Thumb Code   180  usart1.o(.text)
    USART3_Config                            0x08000b21   Thumb Code   184  usart1.o(.text)
    USART_printf                             0x08000bd9   Thumb Code   262  usart1.o(.text)
    USART2_IRQHandler                        0x08000cdf   Thumb Code   182  usart1.o(.text)
    bf                                       0x08000d95   Thumb Code    98  usart1.o(.text)
    delay_init                               0x08000e05   Thumb Code   162  time.o(.text)
    SysTick_Handler                          0x08000ea7   Thumb Code    34  time.o(.text)
    time_nowUs                               0x08000ec9   Thumb Code    42  time.o(.text)
    time_nowMs                               0x08000ef3   Thumb Code    30  time.o(.text)
    delay_us                                 0x08000f11   Thumb Code    36  time.o(.text)
    delay_ms                                 0x08000f35   Thumb Code    18  time.o(.text)
    TIM1_Cap_Init                            0x08000f47   Thumb Code   166  time.o(.text)
    TIM1_CC_IRQHandler                       0x08000fed   Thumb Code   178  time.o(.text)
    TIM2_Cap_Init                            0x0800109f   Thumb Code   170  time.o(.text)
    TIM2_IRQHandler                          0x08001149   Thumb Code   236  time.o(.text)
    TIM3_Cap_Init                            0x08001235   Thumb Code   174  time.o(.text)
    TIM3_IRQHandler                          0x080012e3   Thumb Code   178  time.o(.text)
    TIM4_Cap_Init                            0x08001395   Thumb Code   164  time.o(.text)
    TIM4_IRQHandler                          0x08001439   Thumb Code   178  time.o(.text)
    TIM5_Cap_Init                            0x080014eb   Thumb Code   164  time.o(.text)
    TIM5_IRQHandler                          0x0800158f   Thumb Code   230  time.o(.text)
    TIM8_Cap_Init                            0x08001675   Thumb Code   164  time.o(.text)
    TIM8_CC_IRQHandler                       0x08001719   Thumb Code   178  time.o(.text)
    CAN_Configuration                        0x080017dd   Thumb Code   236  can1.o(.text)
    USB_LP_CAN1_RX0_IRQHandler               0x080018c9   Thumb Code   110  can1.o(.text)
    esp8266_ap_server_init                   0x08001941   Thumb Code   128  esp8266.o(.text)
    Reset_Handler                            0x080019c9   Thumb Code     8  startup_stm32f10x_hd.o(.text)
    NMI_Handler                              0x080019d1   Thumb Code     2  startup_stm32f10x_hd.o(.text)
    HardFault_Handler                        0x080019d3   Thumb Code     2  startup_stm32f10x_hd.o(.text)
    MemManage_Handler                        0x080019d5   Thumb Code     2  startup_stm32f10x_hd.o(.text)
    BusFault_Handler                         0x080019d7   Thumb Code     2  startup_stm32f10x_hd.o(.text)
    UsageFault_Handler                       0x080019d9   Thumb Code     2  startup_stm32f10x_hd.o(.text)
    SVC_Handler                              0x080019db   Thumb Code     2  startup_stm32f10x_hd.o(.text)
    DebugMon_Handler                         0x080019dd   Thumb Code     2  startup_stm32f10x_hd.o(.text)
    PendSV_Handler                           0x080019df   Thumb Code     2  startup_stm32f10x_hd.o(.text)
    ADC1_2_IRQHandler                        0x080019e3   Thumb Code     0  startup_stm32f10x_hd.o(.text)
    ADC3_IRQHandler                          0x080019e3   Thumb Code     0  startup_stm32f10x_hd.o(.text)
    CAN1_RX1_IRQHandler                      0x080019e3   Thumb Code     0  startup_stm32f10x_hd.o(.text)
    CAN1_SCE_IRQHandler                      0x080019e3   Thumb Code     0  startup_stm32f10x_hd.o(.text)
    DMA1_Channel1_IRQHandler                 0x080019e3   Thumb Code     0  startup_stm32f10x_hd.o(.text)
    DMA1_Channel2_IRQHandler                 0x080019e3   Thumb Code     0  startup_stm32f10x_hd.o(.text)
    DMA1_Channel3_IRQHandler                 0x080019e3   Thumb Code     0  startup_stm32f10x_hd.o(.text)
    DMA1_Channel4_IRQHandler                 0x080019e3   Thumb Code     0  startup_stm32f10x_hd.o(.text)
    DMA1_Channel5_IRQHandler                 0x080019e3   Thumb Code     0  startup_stm32f10x_hd.o(.text)
    DMA1_Channel6_IRQHandler                 0x080019e3   Thumb Code     0  startup_stm32f10x_hd.o(.text)
    DMA1_Channel7_IRQHandler                 0x080019e3   Thumb Code     0  startup_stm32f10x_hd.o(.text)
    DMA2_Channel1_IRQHandler                 0x080019e3   Thumb Code     0  startup_stm32f10x_hd.o(.text)
    DMA2_Channel2_IRQHandler                 0x080019e3   Thumb Code     0  startup_stm32f10x_hd.o(.text)
    DMA2_Channel3_IRQHandler                 0x080019e3   Thumb Code     0  startup_stm32f10x_hd.o(.text)
    DMA2_Channel4_5_IRQHandler               0x080019e3   Thumb Code     0  startup_stm32f10x_hd.o(.text)
    EXTI0_IRQHandler                         0x080019e3   Thumb Code     0  startup_stm32f10x_hd.o(.text)
    EXTI15_10_IRQHandler                     0x080019e3   Thumb Code     0  startup_stm32f10x_hd.o(.text)
    EXTI1_IRQHandler                         0x080019e3   Thumb Code     0  startup_stm32f10x_hd.o(.text)
    EXTI2_IRQHandler                         0x080019e3   Thumb Code     0  startup_stm32f10x_hd.o(.text)
    EXTI3_IRQHandler                         0x080019e3   Thumb Code     0  startup_stm32f10x_hd.o(.text)
    EXTI4_IRQHandler                         0x080019e3   Thumb Code     0  startup_stm32f10x_hd.o(.text)
    EXTI9_5_IRQHandler                       0x080019e3   Thumb Code     0  startup_stm32f10x_hd.o(.text)
    FLASH_IRQHandler                         0x080019e3   Thumb Code     0  startup_stm32f10x_hd.o(.text)
    FSMC_IRQHandler                          0x080019e3   Thumb Code     0  startup_stm32f10x_hd.o(.text)
    I2C1_ER_IRQHandler                       0x080019e3   Thumb Code     0  startup_stm32f10x_hd.o(.text)
    I2C1_EV_IRQHandler                       0x080019e3   Thumb Code     0  startup_stm32f10x_hd.o(.text)
    I2C2_ER_IRQHandler                       0x080019e3   Thumb Code     0  startup_stm32f10x_hd.o(.text)
    I2C2_EV_IRQHandler                       0x080019e3   Thumb Code     0  startup_stm32f10x_hd.o(.text)
    PVD_IRQHandler                           0x080019e3   Thumb Code     0  startup_stm32f10x_hd.o(.text)
    RCC_IRQHandler                           0x080019e3   Thumb Code     0  startup_stm32f10x_hd.o(.text)
    RTCAlarm_IRQHandler                      0x080019e3   Thumb Code     0  startup_stm32f10x_hd.o(.text)
    RTC_IRQHandler                           0x080019e3   Thumb Code     0  startup_stm32f10x_hd.o(.text)
    SDIO_IRQHandler                          0x080019e3   Thumb Code     0  startup_stm32f10x_hd.o(.text)
    SPI1_IRQHandler                          0x080019e3   Thumb Code     0  startup_stm32f10x_hd.o(.text)
    SPI2_IRQHandler                          0x080019e3   Thumb Code     0  startup_stm32f10x_hd.o(.text)
    SPI3_IRQHandler                          0x080019e3   Thumb Code     0  startup_stm32f10x_hd.o(.text)
    TAMPER_IRQHandler                        0x080019e3   Thumb Code     0  startup_stm32f10x_hd.o(.text)
    TIM1_BRK_IRQHandler                      0x080019e3   Thumb Code     0  startup_stm32f10x_hd.o(.text)
    TIM1_TRG_COM_IRQHandler                  0x080019e3   Thumb Code     0  startup_stm32f10x_hd.o(.text)
    TIM1_UP_IRQHandler                       0x080019e3   Thumb Code     0  startup_stm32f10x_hd.o(.text)
    TIM6_IRQHandler                          0x080019e3   Thumb Code     0  startup_stm32f10x_hd.o(.text)
    TIM7_IRQHandler                          0x080019e3   Thumb Code     0  startup_stm32f10x_hd.o(.text)
    TIM8_BRK_IRQHandler                      0x080019e3   Thumb Code     0  startup_stm32f10x_hd.o(.text)
    TIM8_TRG_COM_IRQHandler                  0x080019e3   Thumb Code     0  startup_stm32f10x_hd.o(.text)
    TIM8_UP_IRQHandler                       0x080019e3   Thumb Code     0  startup_stm32f10x_hd.o(.text)
    UART4_IRQHandler                         0x080019e3   Thumb Code     0  startup_stm32f10x_hd.o(.text)
    UART5_IRQHandler                         0x080019e3   Thumb Code     0  startup_stm32f10x_hd.o(.text)
    USART3_IRQHandler                        0x080019e3   Thumb Code     0  startup_stm32f10x_hd.o(.text)
    USBWakeUp_IRQHandler                     0x080019e3   Thumb Code     0  startup_stm32f10x_hd.o(.text)
    USB_HP_CAN1_TX_IRQHandler                0x080019e3   Thumb Code     0  startup_stm32f10x_hd.o(.text)
    WWDG_IRQHandler                          0x080019e3   Thumb Code     0  startup_stm32f10x_hd.o(.text)
    NVIC_PriorityGroupConfig                 0x080019ed   Thumb Code    10  misc.o(.text)
    NVIC_Init                                0x080019f7   Thumb Code   100  misc.o(.text)
    NVIC_SetVectorTable                      0x08001a5b   Thumb Code    14  misc.o(.text)
    NVIC_SystemLPConfig                      0x08001a69   Thumb Code    34  misc.o(.text)
    SysTick_CLKSourceConfig                  0x08001a8b   Thumb Code    40  misc.o(.text)
    GPIO_DeInit                              0x08001ac9   Thumb Code   172  stm32f10x_gpio.o(.text)
    GPIO_AFIODeInit                          0x08001b75   Thumb Code    20  stm32f10x_gpio.o(.text)
    GPIO_Init                                0x08001b89   Thumb Code   278  stm32f10x_gpio.o(.text)
    GPIO_StructInit                          0x08001c9f   Thumb Code    16  stm32f10x_gpio.o(.text)
    GPIO_ReadInputDataBit                    0x08001caf   Thumb Code    18  stm32f10x_gpio.o(.text)
    GPIO_ReadInputData                       0x08001cc1   Thumb Code     8  stm32f10x_gpio.o(.text)
    GPIO_ReadOutputDataBit                   0x08001cc9   Thumb Code    18  stm32f10x_gpio.o(.text)
    GPIO_ReadOutputData                      0x08001cdb   Thumb Code     8  stm32f10x_gpio.o(.text)
    GPIO_SetBits                             0x08001ce3   Thumb Code     4  stm32f10x_gpio.o(.text)
    GPIO_ResetBits                           0x08001ce7   Thumb Code     4  stm32f10x_gpio.o(.text)
    GPIO_WriteBit                            0x08001ceb   Thumb Code    10  stm32f10x_gpio.o(.text)
    GPIO_Write                               0x08001cf5   Thumb Code     4  stm32f10x_gpio.o(.text)
    GPIO_PinLockConfig                       0x08001cf9   Thumb Code    18  stm32f10x_gpio.o(.text)
    GPIO_EventOutputConfig                   0x08001d0b   Thumb Code    26  stm32f10x_gpio.o(.text)
    GPIO_EventOutputCmd                      0x08001d25   Thumb Code     6  stm32f10x_gpio.o(.text)
    GPIO_PinRemapConfig                      0x08001d2b   Thumb Code   138  stm32f10x_gpio.o(.text)
    GPIO_EXTILineConfig                      0x08001db5   Thumb Code    66  stm32f10x_gpio.o(.text)
    GPIO_ETH_MediaInterfaceConfig            0x08001df7   Thumb Code     8  stm32f10x_gpio.o(.text)
    RCC_DeInit                               0x08001e25   Thumb Code    64  stm32f10x_rcc.o(.text)
    RCC_HSEConfig                            0x08001e65   Thumb Code    70  stm32f10x_rcc.o(.text)
    RCC_GetFlagStatus                        0x08001eab   Thumb Code    56  stm32f10x_rcc.o(.text)
    RCC_WaitForHSEStartUp                    0x08001ee3   Thumb Code    56  stm32f10x_rcc.o(.text)
    RCC_AdjustHSICalibrationValue            0x08001f1b   Thumb Code    20  stm32f10x_rcc.o(.text)
    RCC_HSICmd                               0x08001f2f   Thumb Code     6  stm32f10x_rcc.o(.text)
    RCC_PLLConfig                            0x08001f35   Thumb Code    24  stm32f10x_rcc.o(.text)
    RCC_PLLCmd                               0x08001f4d   Thumb Code     6  stm32f10x_rcc.o(.text)
    RCC_SYSCLKConfig                         0x08001f53   Thumb Code    18  stm32f10x_rcc.o(.text)
    RCC_GetSYSCLKSource                      0x08001f65   Thumb Code    10  stm32f10x_rcc.o(.text)
    RCC_HCLKConfig                           0x08001f6f   Thumb Code    18  stm32f10x_rcc.o(.text)
    RCC_PCLK1Config                          0x08001f81   Thumb Code    18  stm32f10x_rcc.o(.text)
    RCC_PCLK2Config                          0x08001f93   Thumb Code    20  stm32f10x_rcc.o(.text)
    RCC_ITConfig                             0x08001fa7   Thumb Code    26  stm32f10x_rcc.o(.text)
    RCC_USBCLKConfig                         0x08001fc1   Thumb Code     8  stm32f10x_rcc.o(.text)
    RCC_ADCCLKConfig                         0x08001fc9   Thumb Code    18  stm32f10x_rcc.o(.text)
    RCC_LSEConfig                            0x08001fdb   Thumb Code    50  stm32f10x_rcc.o(.text)
    RCC_LSICmd                               0x0800200d   Thumb Code     6  stm32f10x_rcc.o(.text)
    RCC_RTCCLKConfig                         0x08002013   Thumb Code    12  stm32f10x_rcc.o(.text)
    RCC_RTCCLKCmd                            0x0800201f   Thumb Code     8  stm32f10x_rcc.o(.text)
    RCC_GetClocksFreq                        0x08002027   Thumb Code   192  stm32f10x_rcc.o(.text)
    RCC_AHBPeriphClockCmd                    0x080020e7   Thumb Code    26  stm32f10x_rcc.o(.text)
    RCC_APB2PeriphClockCmd                   0x08002101   Thumb Code    26  stm32f10x_rcc.o(.text)
    RCC_APB1PeriphClockCmd                   0x0800211b   Thumb Code    26  stm32f10x_rcc.o(.text)
    RCC_APB2PeriphResetCmd                   0x08002135   Thumb Code    26  stm32f10x_rcc.o(.text)
    RCC_APB1PeriphResetCmd                   0x0800214f   Thumb Code    26  stm32f10x_rcc.o(.text)
    RCC_BackupResetCmd                       0x08002169   Thumb Code     8  stm32f10x_rcc.o(.text)
    RCC_ClockSecuritySystemCmd               0x08002171   Thumb Code     6  stm32f10x_rcc.o(.text)
    RCC_MCOConfig                            0x08002177   Thumb Code     6  stm32f10x_rcc.o(.text)
    RCC_ClearFlag                            0x0800217d   Thumb Code    14  stm32f10x_rcc.o(.text)
    RCC_GetITStatus                          0x0800218b   Thumb Code    20  stm32f10x_rcc.o(.text)
    RCC_ClearITPendingBit                    0x0800219f   Thumb Code     6  stm32f10x_rcc.o(.text)
    USART_DeInit                             0x080021c9   Thumb Code   134  stm32f10x_usart.o(.text)
    USART_Init                               0x0800224f   Thumb Code   210  stm32f10x_usart.o(.text)
    USART_StructInit                         0x08002321   Thumb Code    24  stm32f10x_usart.o(.text)
    USART_ClockInit                          0x08002339   Thumb Code    34  stm32f10x_usart.o(.text)
    USART_ClockStructInit                    0x0800235b   Thumb Code    12  stm32f10x_usart.o(.text)
    USART_Cmd                                0x08002367   Thumb Code    24  stm32f10x_usart.o(.text)
    USART_ITConfig                           0x0800237f   Thumb Code    74  stm32f10x_usart.o(.text)
    USART_DMACmd                             0x080023c9   Thumb Code    18  stm32f10x_usart.o(.text)
    USART_SetAddress                         0x080023db   Thumb Code    18  stm32f10x_usart.o(.text)
    USART_WakeUpConfig                       0x080023ed   Thumb Code    18  stm32f10x_usart.o(.text)
    USART_ReceiverWakeUpCmd                  0x080023ff   Thumb Code    24  stm32f10x_usart.o(.text)
    USART_LINBreakDetectLengthConfig         0x08002417   Thumb Code    18  stm32f10x_usart.o(.text)
    USART_LINCmd                             0x08002429   Thumb Code    24  stm32f10x_usart.o(.text)
    USART_SendData                           0x08002441   Thumb Code     8  stm32f10x_usart.o(.text)
    USART_ReceiveData                        0x08002449   Thumb Code    10  stm32f10x_usart.o(.text)
    USART_SendBreak                          0x08002453   Thumb Code    10  stm32f10x_usart.o(.text)
    USART_SetGuardTime                       0x0800245d   Thumb Code    16  stm32f10x_usart.o(.text)
    USART_SetPrescaler                       0x0800246d   Thumb Code    16  stm32f10x_usart.o(.text)
    USART_SmartCardCmd                       0x0800247d   Thumb Code    24  stm32f10x_usart.o(.text)
    USART_SmartCardNACKCmd                   0x08002495   Thumb Code    24  stm32f10x_usart.o(.text)
    USART_HalfDuplexCmd                      0x080024ad   Thumb Code    24  stm32f10x_usart.o(.text)
    USART_OverSampling8Cmd                   0x080024c5   Thumb Code    22  stm32f10x_usart.o(.text)
    USART_OneBitMethodCmd                    0x080024db   Thumb Code    24  stm32f10x_usart.o(.text)
    USART_IrDAConfig                         0x080024f3   Thumb Code    18  stm32f10x_usart.o(.text)
    USART_IrDACmd                            0x08002505   Thumb Code    24  stm32f10x_usart.o(.text)
    USART_GetFlagStatus                      0x0800251d   Thumb Code    26  stm32f10x_usart.o(.text)
    USART_ClearFlag                          0x08002537   Thumb Code    18  stm32f10x_usart.o(.text)
    USART_GetITStatus                        0x08002549   Thumb Code    84  stm32f10x_usart.o(.text)
    USART_ClearITPendingBit                  0x0800259d   Thumb Code    52  stm32f10x_usart.o(.text)
    TIM_DeInit                               0x080025d1   Thumb Code   424  stm32f10x_tim.o(.text)
    TIM_TimeBaseInit                         0x08002779   Thumb Code   122  stm32f10x_tim.o(.text)
    TIM_OC1Init                              0x080027f3   Thumb Code   132  stm32f10x_tim.o(.text)
    TIM_OC2Init                              0x08002877   Thumb Code   154  stm32f10x_tim.o(.text)
    TIM_OC3Init                              0x08002911   Thumb Code   150  stm32f10x_tim.o(.text)
    TIM_OC4Init                              0x080029a7   Thumb Code   182  stm32f10x_tim.o(.text)
    TIM_SetIC4Prescaler                      0x08002a5d   Thumb Code    26  stm32f10x_tim.o(.text)
    TIM_SetIC3Prescaler                      0x08002af9   Thumb Code    18  stm32f10x_tim.o(.text)
    TIM_SetIC2Prescaler                      0x08002b85   Thumb Code    26  stm32f10x_tim.o(.text)
    TIM_SetIC1Prescaler                      0x08002c21   Thumb Code    18  stm32f10x_tim.o(.text)
    TIM_ICInit                               0x08002c9f   Thumb Code   150  stm32f10x_tim.o(.text)
    TIM_PWMIConfig                           0x08002d35   Thumb Code   124  stm32f10x_tim.o(.text)
    TIM_BDTRConfig                           0x08002db1   Thumb Code    32  stm32f10x_tim.o(.text)
    TIM_TimeBaseStructInit                   0x08002dd1   Thumb Code    18  stm32f10x_tim.o(.text)
    TIM_OCStructInit                         0x08002de3   Thumb Code    20  stm32f10x_tim.o(.text)
    TIM_ICStructInit                         0x08002df7   Thumb Code    18  stm32f10x_tim.o(.text)
    TIM_BDTRStructInit                       0x08002e09   Thumb Code    40  stm32f10x_tim.o(.text)
    TIM_Cmd                                  0x08002e31   Thumb Code    24  stm32f10x_tim.o(.text)
    TIM_CtrlPWMOutputs                       0x08002e49   Thumb Code    30  stm32f10x_tim.o(.text)
    TIM_ITConfig                             0x08002e67   Thumb Code    18  stm32f10x_tim.o(.text)
    TIM_GenerateEvent                        0x08002e79   Thumb Code     4  stm32f10x_tim.o(.text)
    TIM_DMAConfig                            0x08002e7d   Thumb Code    10  stm32f10x_tim.o(.text)
    TIM_DMACmd                               0x08002e87   Thumb Code    18  stm32f10x_tim.o(.text)
    TIM_InternalClockConfig                  0x08002e99   Thumb Code    12  stm32f10x_tim.o(.text)
    TIM_SelectInputTrigger                   0x08002ea5   Thumb Code    18  stm32f10x_tim.o(.text)
    TIM_ITRxExternalClockConfig              0x08002eb7   Thumb Code    24  stm32f10x_tim.o(.text)
    TIM_TIxExternalClockConfig               0x08002ecf   Thumb Code    62  stm32f10x_tim.o(.text)
    TIM_ETRConfig                            0x08002f0d   Thumb Code    28  stm32f10x_tim.o(.text)
    TIM_ETRClockMode1Config                  0x08002f29   Thumb Code    54  stm32f10x_tim.o(.text)
    TIM_ETRClockMode2Config                  0x08002f5f   Thumb Code    32  stm32f10x_tim.o(.text)
    TIM_PrescalerConfig                      0x08002f7f   Thumb Code     6  stm32f10x_tim.o(.text)
    TIM_CounterModeConfig                    0x08002f85   Thumb Code    18  stm32f10x_tim.o(.text)
    TIM_EncoderInterfaceConfig               0x08002f97   Thumb Code    66  stm32f10x_tim.o(.text)
    TIM_ForcedOC1Config                      0x08002fd9   Thumb Code    18  stm32f10x_tim.o(.text)
    TIM_ForcedOC2Config                      0x08002feb   Thumb Code    26  stm32f10x_tim.o(.text)
    TIM_ForcedOC3Config                      0x08003005   Thumb Code    18  stm32f10x_tim.o(.text)
    TIM_ForcedOC4Config                      0x08003017   Thumb Code    26  stm32f10x_tim.o(.text)
    TIM_ARRPreloadConfig                     0x08003031   Thumb Code    24  stm32f10x_tim.o(.text)
    TIM_SelectCOM                            0x08003049   Thumb Code    24  stm32f10x_tim.o(.text)
    TIM_SelectCCDMA                          0x08003061   Thumb Code    24  stm32f10x_tim.o(.text)
    TIM_CCPreloadControl                     0x08003079   Thumb Code    24  stm32f10x_tim.o(.text)
    TIM_OC1PreloadConfig                     0x08003091   Thumb Code    18  stm32f10x_tim.o(.text)
    TIM_OC2PreloadConfig                     0x080030a3   Thumb Code    26  stm32f10x_tim.o(.text)
    TIM_OC3PreloadConfig                     0x080030bd   Thumb Code    18  stm32f10x_tim.o(.text)
    TIM_OC4PreloadConfig                     0x080030cf   Thumb Code    26  stm32f10x_tim.o(.text)
    TIM_OC1FastConfig                        0x080030e9   Thumb Code    18  stm32f10x_tim.o(.text)
    TIM_OC2FastConfig                        0x080030fb   Thumb Code    26  stm32f10x_tim.o(.text)
    TIM_OC3FastConfig                        0x08003115   Thumb Code    18  stm32f10x_tim.o(.text)
    TIM_OC4FastConfig                        0x08003127   Thumb Code    26  stm32f10x_tim.o(.text)
    TIM_ClearOC1Ref                          0x08003141   Thumb Code    18  stm32f10x_tim.o(.text)
    TIM_ClearOC2Ref                          0x08003153   Thumb Code    24  stm32f10x_tim.o(.text)
    TIM_ClearOC3Ref                          0x0800316b   Thumb Code    18  stm32f10x_tim.o(.text)
    TIM_ClearOC4Ref                          0x0800317d   Thumb Code    24  stm32f10x_tim.o(.text)
    TIM_OC1PolarityConfig                    0x08003195   Thumb Code    18  stm32f10x_tim.o(.text)
    TIM_OC1NPolarityConfig                   0x080031a7   Thumb Code    18  stm32f10x_tim.o(.text)
    TIM_OC2PolarityConfig                    0x080031b9   Thumb Code    26  stm32f10x_tim.o(.text)
    TIM_OC2NPolarityConfig                   0x080031d3   Thumb Code    26  stm32f10x_tim.o(.text)
    TIM_OC3PolarityConfig                    0x080031ed   Thumb Code    26  stm32f10x_tim.o(.text)
    TIM_OC3NPolarityConfig                   0x08003207   Thumb Code    26  stm32f10x_tim.o(.text)
    TIM_OC4PolarityConfig                    0x08003221   Thumb Code    26  stm32f10x_tim.o(.text)
    TIM_CCxCmd                               0x0800323b   Thumb Code    30  stm32f10x_tim.o(.text)
    TIM_CCxNCmd                              0x08003259   Thumb Code    30  stm32f10x_tim.o(.text)
    TIM_SelectOCxM                           0x08003277   Thumb Code    82  stm32f10x_tim.o(.text)
    TIM_UpdateDisableConfig                  0x080032c9   Thumb Code    24  stm32f10x_tim.o(.text)
    TIM_UpdateRequestConfig                  0x080032e1   Thumb Code    24  stm32f10x_tim.o(.text)
    TIM_SelectHallSensor                     0x080032f9   Thumb Code    24  stm32f10x_tim.o(.text)
    TIM_SelectOnePulseMode                   0x08003311   Thumb Code    18  stm32f10x_tim.o(.text)
    TIM_SelectOutputTrigger                  0x08003323   Thumb Code    18  stm32f10x_tim.o(.text)
    TIM_SelectSlaveMode                      0x08003335   Thumb Code    18  stm32f10x_tim.o(.text)
    TIM_SelectMasterSlaveMode                0x08003347   Thumb Code    18  stm32f10x_tim.o(.text)
    TIM_SetCounter                           0x08003359   Thumb Code     4  stm32f10x_tim.o(.text)
    TIM_SetAutoreload                        0x0800335d   Thumb Code     4  stm32f10x_tim.o(.text)
    TIM_SetCompare1                          0x08003361   Thumb Code     4  stm32f10x_tim.o(.text)
    TIM_SetCompare2                          0x08003365   Thumb Code     4  stm32f10x_tim.o(.text)
    TIM_SetCompare3                          0x08003369   Thumb Code     4  stm32f10x_tim.o(.text)
    TIM_SetCompare4                          0x0800336d   Thumb Code     6  stm32f10x_tim.o(.text)
    TIM_SetClockDivision                     0x08003373   Thumb Code    18  stm32f10x_tim.o(.text)
    TIM_GetCapture1                          0x08003385   Thumb Code     6  stm32f10x_tim.o(.text)
    TIM_GetCapture2                          0x0800338b   Thumb Code     6  stm32f10x_tim.o(.text)
    TIM_GetCapture3                          0x08003391   Thumb Code     6  stm32f10x_tim.o(.text)
    TIM_GetCapture4                          0x08003397   Thumb Code     8  stm32f10x_tim.o(.text)
    TIM_GetCounter                           0x0800339f   Thumb Code     6  stm32f10x_tim.o(.text)
    TIM_GetPrescaler                         0x080033a5   Thumb Code     6  stm32f10x_tim.o(.text)
    TIM_GetFlagStatus                        0x080033ab   Thumb Code    18  stm32f10x_tim.o(.text)
    TIM_ClearFlag                            0x080033bd   Thumb Code     6  stm32f10x_tim.o(.text)
    TIM_GetITStatus                          0x080033c3   Thumb Code    34  stm32f10x_tim.o(.text)
    TIM_ClearITPendingBit                    0x080033e5   Thumb Code     6  stm32f10x_tim.o(.text)
    CAN_DeInit                               0x080033ed   Thumb Code    50  stm32f10x_can.o(.text)
    CAN_Init                                 0x0800341f   Thumb Code   276  stm32f10x_can.o(.text)
    CAN_FilterInit                           0x08003533   Thumb Code   258  stm32f10x_can.o(.text)
    CAN_StructInit                           0x08003635   Thumb Code    32  stm32f10x_can.o(.text)
    CAN_SlaveStartBank                       0x08003655   Thumb Code    48  stm32f10x_can.o(.text)
    CAN_DBGFreeze                            0x08003685   Thumb Code    22  stm32f10x_can.o(.text)
    CAN_TTComModeCmd                         0x0800369b   Thumb Code   118  stm32f10x_can.o(.text)
    CAN_Transmit                             0x08003711   Thumb Code   304  stm32f10x_can.o(.text)
    CAN_TransmitStatus                       0x08003841   Thumb Code   138  stm32f10x_can.o(.text)
    CAN_CancelTransmit                       0x080038cb   Thumb Code    48  stm32f10x_can.o(.text)
    CAN_Receive                              0x080038fb   Thumb Code   240  stm32f10x_can.o(.text)
    CAN_FIFORelease                          0x080039eb   Thumb Code    22  stm32f10x_can.o(.text)
    CAN_MessagePending                       0x08003a01   Thumb Code    30  stm32f10x_can.o(.text)
    CAN_OperatingModeRequest                 0x08003a1f   Thumb Code   162  stm32f10x_can.o(.text)
    CAN_Sleep                                0x08003ac1   Thumb Code    30  stm32f10x_can.o(.text)
    CAN_WakeUp                               0x08003adf   Thumb Code    48  stm32f10x_can.o(.text)
    CAN_GetLastErrorCode                     0x08003b0f   Thumb Code    12  stm32f10x_can.o(.text)
    CAN_GetReceiveErrorCounter               0x08003b1b   Thumb Code    10  stm32f10x_can.o(.text)
    CAN_GetLSBTransmitErrorCounter           0x08003b25   Thumb Code    12  stm32f10x_can.o(.text)
    CAN_ITConfig                             0x08003b31   Thumb Code    18  stm32f10x_can.o(.text)
    CAN_GetFlagStatus                        0x08003b43   Thumb Code   120  stm32f10x_can.o(.text)
    CAN_ClearFlag                            0x08003bbb   Thumb Code    52  stm32f10x_can.o(.text)
    CAN_GetITStatus                          0x08003c01   Thumb Code   310  stm32f10x_can.o(.text)
    CAN_ClearITPendingBit                    0x08003d37   Thumb Code   162  stm32f10x_can.o(.text)
    I2c_Init_MI                              0x08003df3   Thumb Code    38  i2c.o(.text)
    i2cWriteBuffer                           0x08003ffb   Thumb Code   100  i2c.o(.text)
    i2cwrite                                 0x0800405f   Thumb Code    38  i2c.o(.text)
    i2cRead                                  0x08004085   Thumb Code   120  i2c.o(.text)
    i2cread                                  0x080040fd   Thumb Code    38  i2c.o(.text)
    i2cWrite                                 0x08004123   Thumb Code    72  i2c.o(.text)
    strlen                                   0x08004171   Thumb Code    14  strlen.o(.text)
    __aeabi_ddiv                             0x0800417f   Thumb Code   222  ddiv.o(.text)
    __aeabi_ui2d                             0x0800425d   Thumb Code    26  dfltui.o(.text)
    __aeabi_d2uiz                            0x08004277   Thumb Code    50  dfixui.o(.text)
    __aeabi_uidiv                            0x080042a9   Thumb Code     0  uidiv.o(.text)
    __aeabi_uidivmod                         0x080042a9   Thumb Code    44  uidiv.o(.text)
    __aeabi_llsr                             0x080042d5   Thumb Code    32  llushr.o(.text)
    _ll_ushift_r                             0x080042d5   Thumb Code     0  llushr.o(.text)
    __I$use$fp                               0x080042f5   Thumb Code     0  iusefp.o(.text)
    _double_round                            0x080042f5   Thumb Code    30  depilogue.o(.text)
    _double_epilogue                         0x08004313   Thumb Code   156  depilogue.o(.text)
    __scatterload                            0x080043b1   Thumb Code    28  init.o(.text)
    __scatterload_rt2                        0x080043b1   Thumb Code     0  init.o(.text)
    __aeabi_llsl                             0x080043d5   Thumb Code    30  llshl.o(.text)
    _ll_shift_l                              0x080043d5   Thumb Code     0  llshl.o(.text)
    __0sprintf$1                             0x080043f5   Thumb Code    34  printf1.o(i.__0sprintf$1)
    __1sprintf$1                             0x080043f5   Thumb Code     0  printf1.o(i.__0sprintf$1)
    __2sprintf                               0x080043f5   Thumb Code     0  printf1.o(i.__0sprintf$1)
    __scatterload_copy                       0x0800441d   Thumb Code    14  handlers.o(i.__scatterload_copy)
    __scatterload_null                       0x0800442b   Thumb Code     2  handlers.o(i.__scatterload_null)
    __scatterload_zeroinit                   0x0800442d   Thumb Code    14  handlers.o(i.__scatterload_zeroinit)
    Region$$Table$$Base                      0x08004754   Number         0  anon$$obj.o(Region$$Table)
    Region$$Table$$Limit                     0x08004774   Number         0  anon$$obj.o(Region$$Table)
    data_long                                0x20000000   Data           1  main.o(.data)
    data_test                                0x20000001   Data           1  main.o(.data)
    j                                        0x20000002   Data           2  main.o(.data)
    l                                        0x20000004   Data           2  main.o(.data)
    h                                        0x20000006   Data           2  main.o(.data)
    g                                        0x20000008   Data           2  main.o(.data)
    f                                        0x2000000a   Data           2  main.o(.data)
    d                                        0x2000000c   Data           2  main.o(.data)
    torque_long                              0x2000000e   Data           1  main.o(.data)
    revolving_long                           0x2000000f   Data           1  main.o(.data)
    revolving                                0x20000010   Data           5  main.o(.data)
    temp                                     0x20000018   Data           4  main.o(.data)
    SystemCoreClock                          0x2000001c   Data           4  system_stm32f10x.o(.data)
    AHBPrescTable                            0x20000020   Data          16  system_stm32f10x.o(.data)
    data_us                                  0x20000030   Data           1  usart1.o(.data)
    USART_RX                                 0x20000031   Data           1  usart1.o(.data)
    data_transfer                            0x20000032   Data           1  usart1.o(.data)
    state_0x0a                               0x20000033   Data           1  usart1.o(.data)
    cun                                      0x20000034   Data           1  usart1.o(.data)
    TIM5CH1_CAPTURE_STA                      0x20000038   Data           1  time.o(.data)
    TIM2CH1_CAPTURE_STA                      0x20000039   Data           1  time.o(.data)
    TIM4CH1_CAPTURE_STA                      0x2000003a   Data           1  time.o(.data)
    TIM1CH1_CAPTURE_STA                      0x2000003b   Data           1  time.o(.data)
    TIM3CH1_CAPTURE_STA                      0x2000003c   Data           1  time.o(.data)
    TIM8CH1_CAPTURE_STA                      0x2000003d   Data           1  time.o(.data)
    TIM5CH1_CAPTURE_VAL                      0x2000003e   Data           2  time.o(.data)
    TIM2CH1_CAPTURE_VAL                      0x20000040   Data           2  time.o(.data)
    TIM4CH1_CAPTURE_VAL                      0x20000042   Data           2  time.o(.data)
    TIM1CH1_CAPTURE_VAL                      0x20000044   Data           2  time.o(.data)
    TIM3CH1_CAPTURE_VAL                      0x20000046   Data           2  time.o(.data)
    TIM8CH1_CAPTURE_VAL                      0x20000048   Data           2  time.o(.data)
    System_uTime                             0x20000050   Data           8  time.o(.data)
    System_mTime                             0x20000058   Data           8  time.o(.data)
    data_exist                               0x20000060   Data           2  esp8266.o(.data)
    data_exist1                              0x20000062   Data           2  esp8266.o(.data)
    data_exist2                              0x20000064   Data           2  esp8266.o(.data)
    data_exist3                              0x20000066   Data           2  esp8266.o(.data)
    data_length                              0x20000068   Data           1  esp8266.o(.data)
    data_length1                             0x20000069   Data           1  esp8266.o(.data)
    data_length2                             0x2000006a   Data           1  esp8266.o(.data)
    data_ok                                  0x2000006b   Data           1  esp8266.o(.data)
    nextval                                  0x2000006c   Data           4  esp8266.o(.data)
    ATCommandsArray                          0x20000070   Data          84  esp8266.o(.data)
    ESP_Responses                            0x200000c4   Data          44  esp8266.o(.data)
    juli                                     0x20000104   Data          12  main.o(.bss)
    data_right                               0x20000110   Data          30  main.o(.bss)
    data_pc                                  0x2000012e   Data         100  main.o(.bss)
    USART_RX_buf                             0x20000192   Data          50  usart1.o(.bss)
    data_cu                                  0x200001c4   Data         100  usart1.o(.bss)
    time                                     0x20000228   Data          16  time.o(.bss)
    data_wifi                                0x20000238   Data          30  esp8266.o(.bss)
    __initial_sp                             0x20000658   Data           0  startup_stm32f10x_hd.o(STACK)



==============================================================================

Memory Map of the image

  Image Entry point : 0x08000131

  Load Region LR_IROM1 (Base: 0x08000000, Size: 0x00004878, Max: 0x00080000, ABSOLUTE)

    Execution Region ER_IROM1 (Base: 0x08000000, Size: 0x00004774, Max: 0x00080000, ABSOLUTE)

    Base Addr    Size         Type   Attr      Idx    E Section Name        Object

    0x08000000   0x00000130   Data   RO          365    RESET               startup_stm32f10x_hd.o
    0x08000130   0x00000000   Code   RO          480  * .ARM.Collect$$$$00000000  mc_w.l(entry.o)
    0x08000130   0x00000004   Code   RO          752    .ARM.Collect$$$$00000001  mc_w.l(entry2.o)
    0x08000134   0x00000004   Code   RO          755    .ARM.Collect$$$$00000004  mc_w.l(entry5.o)
    0x08000138   0x00000000   Code   RO          757    .ARM.Collect$$$$00000008  mc_w.l(entry7b.o)
    0x08000138   0x00000000   Code   RO          759    .ARM.Collect$$$$0000000A  mc_w.l(entry8b.o)
    0x08000138   0x00000008   Code   RO          760    .ARM.Collect$$$$0000000B  mc_w.l(entry9a.o)
    0x08000140   0x00000000   Code   RO          762    .ARM.Collect$$$$0000000D  mc_w.l(entry10a.o)
    0x08000140   0x00000000   Code   RO          764    .ARM.Collect$$$$0000000F  mc_w.l(entry11a.o)
    0x08000140   0x00000004   Code   RO          753    .ARM.Collect$$$$00002712  mc_w.l(entry2.o)
    0x08000144   0x00000628   Code   RO            1    .text               main.o
    0x0800076c   0x000001e0   Code   RO          170    .text               system_stm32f10x.o
    0x0800094c   0x000004b8   Code   RO          210    .text               usart1.o
    0x08000e04   0x000009d8   Code   RO          250    .text               time.o
    0x080017dc   0x00000164   Code   RO          317    .text               can1.o
    0x08001940   0x00000088   Code   RO          332    .text               esp8266.o
    0x080019c8   0x00000024   Code   RO          366    .text               startup_stm32f10x_hd.o
    0x080019ec   0x000000dc   Code   RO          370    .text               misc.o
    0x08001ac8   0x0000035c   Code   RO          382    .text               stm32f10x_gpio.o
    0x08001e24   0x000003a4   Code   RO          394    .text               stm32f10x_rcc.o
    0x080021c8   0x00000408   Code   RO          420    .text               stm32f10x_usart.o
    0x080025d0   0x00000e1a   Code   RO          444    .text               stm32f10x_tim.o
    0x080033ea   0x00000002   PAD
    0x080033ec   0x000009f0   Code   RO          456    .text               stm32f10x_can.o
    0x08003ddc   0x00000394   Code   RO          468    .text               i2c.o
    0x08004170   0x0000000e   Code   RO          483    .text               mc_w.l(strlen.o)
    0x0800417e   0x000000de   Code   RO          746    .text               mf_w.l(ddiv.o)
    0x0800425c   0x0000001a   Code   RO          748    .text               mf_w.l(dfltui.o)
    0x08004276   0x00000032   Code   RO          750    .text               mf_w.l(dfixui.o)
    0x080042a8   0x0000002c   Code   RO          767    .text               mc_w.l(uidiv.o)
    0x080042d4   0x00000020   Code   RO          771    .text               mc_w.l(llushr.o)
    0x080042f4   0x00000000   Code   RO          773    .text               mc_w.l(iusefp.o)
    0x080042f4   0x000000ba   Code   RO          774    .text               mf_w.l(depilogue.o)
    0x080043ae   0x00000002   PAD
    0x080043b0   0x00000024   Code   RO          784    .text               mc_w.l(init.o)
    0x080043d4   0x0000001e   Code   RO          786    .text               mc_w.l(llshl.o)
    0x080043f2   0x00000002   PAD
    0x080043f4   0x00000028   Code   RO          532    i.__0sprintf$1      mc_w.l(printf1.o)
    0x0800441c   0x0000000e   Code   RO          792    i.__scatterload_copy  mc_w.l(handlers.o)
    0x0800442a   0x00000002   Code   RO          793    i.__scatterload_null  mc_w.l(handlers.o)
    0x0800442c   0x0000000e   Code   RO          794    i.__scatterload_zeroinit  mc_w.l(handlers.o)
    0x0800443a   0x00000002   PAD
    0x0800443c   0x00000154   Code   RO          537    i._printf_core      mc_w.l(printf1.o)
    0x08004590   0x0000000a   Code   RO          539    i._sputc            mc_w.l(printf1.o)
    0x0800459a   0x00000002   PAD
    0x0800459c   0x000001b6   Data   RO          334    .conststring        esp8266.o
    0x08004752   0x00000002   PAD
    0x08004754   0x00000020   Data   RO          790    Region$$Table       anon$$obj.o


    Execution Region RW_IRAM1 (Base: 0x20000000, Size: 0x00000658, Max: 0x00010000, ABSOLUTE)

    Base Addr    Size         Type   Attr      Idx    E Section Name        Object

    0x20000000   0x0000001c   Data   RW            3    .data               main.o
    0x2000001c   0x00000014   Data   RW          171    .data               system_stm32f10x.o
    0x20000030   0x00000005   Data   RW          212    .data               usart1.o
    0x20000035   0x00000003   PAD
    0x20000038   0x00000028   Data   RW          252    .data               time.o
    0x20000060   0x00000090   Data   RW          335    .data               esp8266.o
    0x200000f0   0x00000014   Data   RW          395    .data               stm32f10x_rcc.o
    0x20000104   0x0000008e   Zero   RW            2    .bss                main.o
    0x20000192   0x00000096   Zero   RW          211    .bss                usart1.o
    0x20000228   0x00000010   Zero   RW          251    .bss                time.o
    0x20000238   0x0000001e   Zero   RW          333    .bss                esp8266.o
    0x20000256   0x00000002   PAD
    0x20000258   0x00000400   Zero   RW          363    STACK               startup_stm32f10x_hd.o


==============================================================================

Image component sizes


      Code (inc. data)   RO Data    RW Data    ZI Data      Debug   Object Name

       356         10          0          0          0       1023   can1.o
         0          0          0          0          0         32   core_cm3.o
       136          8        438        144         30       1612   esp8266.o
       916          6          0          0          0       3807   i2c.o
      1576        174          0         28        142     264137   main.o
       220         22          0          0          0       1785   misc.o
        36          8        304          0       1024        776   startup_stm32f10x_hd.o
      2544         38          0          0          0       7836   stm32f10x_can.o
       860         38          0          0          0       5629   stm32f10x_gpio.o
       932         36          0         20          0       8788   stm32f10x_rcc.o
      3610         88          0          0          0      22112   stm32f10x_tim.o
      1032         22          0          0          0       8352   stm32f10x_usart.o
       480         38          0         20          0     206448   system_stm32f10x.o
      2520        122          0         40         16      21899   time.o
      1208         62          0          5        150       5590   usart1.o

    ----------------------------------------------------------------------
     16428        672        776        260       1364     559826   Object Totals
         0          0         32          0          0          0   (incl. Generated)
         2          0          2          3          2          0   (incl. Padding)

    ----------------------------------------------------------------------

      Code (inc. data)   RO Data    RW Data    ZI Data      Debug   Library Member Name

         0          0          0          0          0          0   entry.o
         0          0          0          0          0          0   entry10a.o
         0          0          0          0          0          0   entry11a.o
         8          4          0          0          0          0   entry2.o
         4          0          0          0          0          0   entry5.o
         0          0          0          0          0          0   entry7b.o
         0          0          0          0          0          0   entry8b.o
         8          4          0          0          0          0   entry9a.o
        30          0          0          0          0          0   handlers.o
        36          8          0          0          0         68   init.o
         0          0          0          0          0          0   iusefp.o
        30          0          0          0          0         68   llshl.o
        32          0          0          0          0         68   llushr.o
       390         10          0          0          0        252   printf1.o
        14          0          0          0          0         68   strlen.o
        44          0          0          0          0         80   uidiv.o
       222          0          0          0          0        100   ddiv.o
       186          0          0          0          0        176   depilogue.o
        50          0          0          0          0         76   dfixui.o
        26          0          0          0          0         76   dfltui.o

    ----------------------------------------------------------------------
      1088         26          0          0          0       1032   Library Totals
         8          0          0          0          0          0   (incl. Padding)

    ----------------------------------------------------------------------

      Code (inc. data)   RO Data    RW Data    ZI Data      Debug   Library Name

       596         26          0          0          0        604   mc_w.l
       484          0          0          0          0        428   mf_w.l

    ----------------------------------------------------------------------
      1088         26          0          0          0       1032   Library Totals

    ----------------------------------------------------------------------

==============================================================================


      Code (inc. data)   RO Data    RW Data    ZI Data      Debug   

     17516        698        776        260       1364     559242   Grand Totals
     17516        698        776        260       1364     559242   ELF Image Totals
     17516        698        776        260          0          0   ROM Totals

==============================================================================

    Total RO  Size (Code + RO Data)                18292 (  17.86kB)
    Total RW  Size (RW Data + ZI Data)              1624 (   1.59kB)
    Total ROM Size (Code + RO Data + RW Data)      18552 (  18.12kB)

==============================================================================

